
> lensleasevn@0.0.0 build
> tsc -b && vite build

src/App.tsx(2,1): error TS6133: 'OrderItem' is declared but its value is never read.
src/components/layout/DashboardLayout.tsx(1,1): error TS6133: 'React' is declared but its value is never read.
src/components/layout/HandoverForm.tsx(1,8): error TS6133: 'React' is declared but its value is never read.
src/components/layout/OrderItem.tsx(1,1): error TS6133: 'React' is declared but its value is never read.
src/components/layout/Sidebar.tsx(1,1): error TS6133: 'React' is declared but its value is never read.
src/pages/AdminDashboard.tsx(1,1): error TS6133: 'React' is declared but its value is never read.
src/pages/Checkout/CheckoutPage.tsx(1,8): error TS6133: 'React' is declared but its value is never read.
src/pages/Home/HomePage.tsx(1,1): error TS6133: 'React' is declared but its value is never read.
src/pages/Home/HomePage.tsx(2,1): error TS6133: 'Link' is declared but its value is never read.
src/pages/Home/HomePage.tsx(7,10): error TS2322: Type '{ children: Element; class: string; }' is not assignable to type 'DetailedHTMLProps<HTMLAttributes<HTMLElement>, HTMLElement>'.
  Property 'class' does not exist on type 'DetailedHTMLProps<HTMLAttributes<HTMLElement>, HTMLElement>'. Did you mean 'className'?
src/pages/Home/HomePage.tsx(8,8): error TS2322: Type '{ children: Element[]; class: string; }' is not assignable to type 'DetailedHTMLProps<HTMLAttributes<HTMLDivElement>, HTMLDivElement>'.
  Property 'class' does not exist on type 'DetailedHTMLProps<HTMLAttributes<HTMLDivElement>, HTMLDivElement>'. Did you mean 'className'?
src/pages/Home/HomePage.tsx(9,10): error TS2322: Type '{ children: Element[]; class: string; }' is not assignable to type 'DetailedHTMLProps<HTMLAttributes<HTMLDivElement>, HTMLDivElement>'.
  Property 'class' does not exist on type 'DetailedHTMLProps<HTMLAttributes<HTMLDivElement>, HTMLDivElement>'. Did you mean 'className'?
src/pages/Home/HomePage.tsx(16,12): error TS2322: Type '{ children: Element[]; class: string; }' is not assignable to type 'DetailedHTMLProps<HTMLAttributes<HTMLDivElement>, HTMLDivElement>'.
  Property 'class' does not exist on type 'DetailedHTMLProps<HTMLAttributes<HTMLDivElement>, HTMLDivElement>'. Did you mean 'className'?
src/pages/Home/HomePage.tsx(17,17): error TS2322: Type '{ children: string; class: string; }' is not assignable to type 'DetailedHTMLProps<ButtonHTMLAttributes<HTMLButtonElement>, HTMLButtonElement>'.
  Property 'class' does not exist on type 'DetailedHTMLProps<ButtonHTMLAttributes<HTMLButtonElement>, HTMLButtonElement>'. Did you mean 'className'?
src/pages/Home/HomePage.tsx(18,17): error TS2322: Type '{ children: string; class: string; }' is not assignable to type 'DetailedHTMLProps<ButtonHTMLAttributes<HTMLButtonElement>, HTMLButtonElement>'.
  Property 'class' does not exist on type 'DetailedHTMLProps<ButtonHTMLAttributes<HTMLButtonElement>, HTMLButtonElement>'. Did you mean 'className'?
src/pages/Home/HomePage.tsx(22,10): error TS2322: Type '{ children: Element; class: string; }' is not assignable to type 'DetailedHTMLProps<HTMLAttributes<HTMLDivElement>, HTMLDivElement>'.
  Property 'class' does not exist on type 'DetailedHTMLProps<HTMLAttributes<HTMLDivElement>, HTMLDivElement>'. Did you mean 'className'?
src/pages/Home/HomePage.tsx(23,12): error TS2322: Type '{ children: Element[]; class: string; }' is not assignable to type 'DetailedHTMLProps<HTMLAttributes<HTMLDivElement>, HTMLDivElement>'.
  Property 'class' does not exist on type 'DetailedHTMLProps<HTMLAttributes<HTMLDivElement>, HTMLDivElement>'. Did you mean 'className'?
src/pages/Home/HomePage.tsx(24,14): error TS2322: Type '{ children: string; class: string; }' is not assignable to type 'DetailedHTMLProps<HTMLAttributes<HTMLDivElement>, HTMLDivElement>'.
  Property 'class' does not exist on type 'DetailedHTMLProps<HTMLAttributes<HTMLDivElement>, HTMLDivElement>'. Did you mean 'className'?
src/pages/Home/HomePage.tsx(31,10): error TS2322: Type '{ children: Element; class: string; }' is not assignable to type 'DetailedHTMLProps<HTMLAttributes<HTMLElement>, HTMLElement>'.
  Property 'class' does not exist on type 'DetailedHTMLProps<HTMLAttributes<HTMLElement>, HTMLElement>'. Did you mean 'className'?
src/pages/Home/HomePage.tsx(32,8): error TS2322: Type '{ children: Element[]; class: string; }' is not assignable to type 'DetailedHTMLProps<HTMLAttributes<HTMLDivElement>, HTMLDivElement>'.
  Property 'class' does not exist on type 'DetailedHTMLProps<HTMLAttributes<HTMLDivElement>, HTMLDivElement>'. Did you mean 'className'?
src/pages/Home/HomePage.tsx(33,10): error TS2322: Type '{ children: Element[]; class: string; }' is not assignable to type 'DetailedHTMLProps<HTMLAttributes<HTMLDivElement>, HTMLDivElement>'.
  Property 'class' does not exist on type 'DetailedHTMLProps<HTMLAttributes<HTMLDivElement>, HTMLDivElement>'. Did you mean 'className'?
src/pages/Home/HomePage.tsx(38,10): error TS2322: Type '{ children: Element; class: string; }' is not assignable to type 'DetailedHTMLProps<HTMLAttributes<HTMLDivElement>, HTMLDivElement>'.
  Property 'class' does not exist on type 'DetailedHTMLProps<HTMLAttributes<HTMLDivElement>, HTMLDivElement>'. Did you mean 'className'?
src/pages/Home/HomePage.tsx(39,12): error TS2322: Type '{ children: Element[]; class: string; }' is not assignable to type 'DetailedHTMLProps<HTMLAttributes<HTMLDivElement>, HTMLDivElement>'.
  Property 'class' does not exist on type 'DetailedHTMLProps<HTMLAttributes<HTMLDivElement>, HTMLDivElement>'. Did you mean 'className'?
src/pages/Home/HomePage.tsx(40,14): error TS2322: Type '{ children: Element[]; class: string; }' is not assignable to type 'DetailedHTMLProps<HTMLAttributes<HTMLDivElement>, HTMLDivElement>'.
  Property 'class' does not exist on type 'DetailedHTMLProps<HTMLAttributes<HTMLDivElement>, HTMLDivElement>'. Did you mean 'className'?
src/pages/Home/HomePage.tsx(42,16): error TS2322: Type '{ children: string; class: string; }' is not assignable to type 'DetailedHTMLProps<HTMLAttributes<HTMLDivElement>, HTMLDivElement>'.
  Property 'class' does not exist on type 'DetailedHTMLProps<HTMLAttributes<HTMLDivElement>, HTMLDivElement>'. Did you mean 'className'?
src/pages/Home/HomePage.tsx(43,16): error TS2322: Type '{ children: string; class: string; }' is not assignable to type 'DetailedHTMLProps<HTMLAttributes<HTMLDivElement>, HTMLDivElement>'.
  Property 'class' does not exist on type 'DetailedHTMLProps<HTMLAttributes<HTMLDivElement>, HTMLDivElement>'. Did you mean 'className'?
src/pages/Home/HomePage.tsx(46,14): error TS2322: Type '{ children: Element[]; class: string; }' is not assignable to type 'DetailedHTMLProps<HTMLAttributes<HTMLDivElement>, HTMLDivElement>'.
  Property 'class' does not exist on type 'DetailedHTMLProps<HTMLAttributes<HTMLDivElement>, HTMLDivElement>'. Did you mean 'className'?
src/pages/Home/HomePage.tsx(47,14): error TS2322: Type '{ children: string; class: string; }' is not assignable to type 'DetailedHTMLProps<HTMLAttributes<HTMLParagraphElement>, HTMLParagraphElement>'.
  Property 'class' does not exist on type 'DetailedHTMLProps<HTMLAttributes<HTMLParagraphElement>, HTMLParagraphElement>'. Did you mean 'className'?
src/pages/Home/HomePage.tsx(49,14): error TS2322: Type '{ children: string; class: string; }' is not assignable to type 'DetailedHTMLProps<HTMLAttributes<HTMLParagraphElement>, HTMLParagraphElement>'.
  Property 'class' does not exist on type 'DetailedHTMLProps<HTMLAttributes<HTMLParagraphElement>, HTMLParagraphElement>'. Did you mean 'className'?
src/pages/Home/HomePage.tsx(51,16): error TS2322: Type '{ children: (string | Element)[]; class: string; }' is not assignable to type 'DetailedHTMLProps<HTMLAttributes<HTMLDivElement>, HTMLDivElement>'.
  Property 'class' does not exist on type 'DetailedHTMLProps<HTMLAttributes<HTMLDivElement>, HTMLDivElement>'. Did you mean 'className'?
src/pages/Home/HomePage.tsx(58,10): error TS2322: Type '{ children: Element; class: string; }' is not assignable to type 'DetailedHTMLProps<HTMLAttributes<HTMLDivElement>, HTMLDivElement>'.
  Property 'class' does not exist on type 'DetailedHTMLProps<HTMLAttributes<HTMLDivElement>, HTMLDivElement>'. Did you mean 'className'?
src/pages/Home/HomePage.tsx(59,15): error TS2322: Type '{ children: string; class: string; }' is not assignable to type 'DetailedHTMLProps<ButtonHTMLAttributes<HTMLButtonElement>, HTMLButtonElement>'.
  Property 'class' does not exist on type 'DetailedHTMLProps<ButtonHTMLAttributes<HTMLButtonElement>, HTMLButtonElement>'. Did you mean 'className'?
src/pages/Home/HomePage.tsx(64,10): error TS2322: Type '{ children: Element; class: string; }' is not assignable to type 'DetailedHTMLProps<HTMLAttributes<HTMLElement>, HTMLElement>'.
  Property 'class' does not exist on type 'DetailedHTMLProps<HTMLAttributes<HTMLElement>, HTMLElement>'. Did you mean 'className'?
src/pages/Home/HomePage.tsx(65,8): error TS2322: Type '{ children: Element[]; class: string; }' is not assignable to type 'DetailedHTMLProps<HTMLAttributes<HTMLDivElement>, HTMLDivElement>'.
  Property 'class' does not exist on type 'DetailedHTMLProps<HTMLAttributes<HTMLDivElement>, HTMLDivElement>'. Did you mean 'className'?
src/pages/Home/HomePage.tsx(66,9): error TS2322: Type '{ children: string; class: string; }' is not assignable to type 'DetailedHTMLProps<HTMLAttributes<HTMLHeadingElement>, HTMLHeadingElement>'.
  Property 'class' does not exist on type 'DetailedHTMLProps<HTMLAttributes<HTMLHeadingElement>, HTMLHeadingElement>'. Did you mean 'className'?
src/pages/Home/HomePage.tsx(68,10): error TS2322: Type '{ children: Element[]; class: string; }' is not assignable to type 'DetailedHTMLProps<HTMLAttributes<HTMLDivElement>, HTMLDivElement>'.
  Property 'class' does not exist on type 'DetailedHTMLProps<HTMLAttributes<HTMLDivElement>, HTMLDivElement>'. Did you mean 'className'?
src/pages/Home/HomePage.tsx(69,12): error TS2322: Type '{ children: Element[]; class: string; }' is not assignable to type 'DetailedHTMLProps<HTMLAttributes<HTMLDivElement>, HTMLDivElement>'.
  Property 'class' does not exist on type 'DetailedHTMLProps<HTMLAttributes<HTMLDivElement>, HTMLDivElement>'. Did you mean 'className'?
src/pages/Home/HomePage.tsx(70,14): error TS2322: Type '{ children: string; class: string; }' is not assignable to type 'DetailedHTMLProps<HTMLAttributes<HTMLDivElement>, HTMLDivElement>'.
  Property 'class' does not exist on type 'DetailedHTMLProps<HTMLAttributes<HTMLDivElement>, HTMLDivElement>'. Did you mean 'className'?
src/pages/Home/HomePage.tsx(75,12): error TS2322: Type '{ children: Element[]; class: string; }' is not assignable to type 'DetailedHTMLProps<HTMLAttributes<HTMLDivElement>, HTMLDivElement>'.
  Property 'class' does not exist on type 'DetailedHTMLProps<HTMLAttributes<HTMLDivElement>, HTMLDivElement>'. Did you mean 'className'?
src/pages/Home/HomePage.tsx(76,14): error TS2322: Type '{ children: string; class: string; }' is not assignable to type 'DetailedHTMLProps<HTMLAttributes<HTMLDivElement>, HTMLDivElement>'.
  Property 'class' does not exist on type 'DetailedHTMLProps<HTMLAttributes<HTMLDivElement>, HTMLDivElement>'. Did you mean 'className'?
src/pages/Home/HomePage.tsx(81,12): error TS2322: Type '{ children: Element[]; class: string; }' is not assignable to type 'DetailedHTMLProps<HTMLAttributes<HTMLDivElement>, HTMLDivElement>'.
  Property 'class' does not exist on type 'DetailedHTMLProps<HTMLAttributes<HTMLDivElement>, HTMLDivElement>'. Did you mean 'className'?
src/pages/Home/HomePage.tsx(82,14): error TS2322: Type '{ children: string; class: string; }' is not assignable to type 'DetailedHTMLProps<HTMLAttributes<HTMLDivElement>, HTMLDivElement>'.
  Property 'class' does not exist on type 'DetailedHTMLProps<HTMLAttributes<HTMLDivElement>, HTMLDivElement>'. Did you mean 'className'?
src/pages/Products/ProductsPage.tsx(1,1): error TS6133: 'React' is declared but its value is never read.
src/pages/Products/ProductsPage.tsx(7,4): error TS2552: Cannot find name 'Header'. Did you mean 'Headers'?
src/pages/Products/ProductsPage.tsx(22,36): error TS2304: Cannot find name 'showFilters'.
src/pages/Products/ProductsPage.tsx(27,36): error TS2304: Cannot find name 'setShowFilters'.
src/pages/Products/ProductsPage.tsx(36,22): error TS2304: Cannot find name 'searchQuery'.
src/pages/Products/ProductsPage.tsx(37,32): error TS2304: Cannot find name 'setSearchQuery'.
src/pages/Products/ProductsPage.tsx(44,14): error TS2304: Cannot find name 'categories'.
src/pages/Products/ProductsPage.tsx(44,30): error TS7006: Parameter 'category' implicitly has an 'any' type.
src/pages/Products/ProductsPage.tsx(50,28): error TS2304: Cannot find name 'selectedCategory'.
src/pages/Products/ProductsPage.tsx(51,36): error TS2304: Cannot find name 'setSelectedCategory'.
src/pages/Products/ProductsPage.tsx(61,14): error TS2304: Cannot find name 'brands'.
src/pages/Products/ProductsPage.tsx(61,26): error TS7006: Parameter 'brand' implicitly has an 'any' type.
src/pages/Products/ProductsPage.tsx(67,28): error TS2304: Cannot find name 'selectedBrand'.
src/pages/Products/ProductsPage.tsx(68,36): error TS2304: Cannot find name 'setSelectedBrand'.
src/pages/Products/ProductsPage.tsx(82,22): error TS2304: Cannot find name 'priceRange'.
src/pages/Products/ProductsPage.tsx(84,17): error TS2304: Cannot find name 'setPriceRange'.
src/pages/Products/ProductsPage.tsx(84,32): error TS2304: Cannot find name 'priceRange'.
src/pages/Products/ProductsPage.tsx(88,23): error TS2304: Cannot find name 'priceRange'.
src/pages/Products/ProductsPage.tsx(89,23): error TS2304: Cannot find name 'priceRange'.
src/pages/Products/ProductsPage.tsx(97,15): error TS2304: Cannot find name 'setSearchQuery'.
src/pages/Products/ProductsPage.tsx(98,15): error TS2304: Cannot find name 'setSelectedCategory'.
src/pages/Products/ProductsPage.tsx(99,15): error TS2304: Cannot find name 'setSelectedBrand'.
src/pages/Products/ProductsPage.tsx(100,15): error TS2304: Cannot find name 'setPriceRange'.
src/pages/Products/ProductsPage.tsx(112,70): error TS2304: Cannot find name 'setShowFilters'.
src/pages/Products/ProductsPage.tsx(118,20): error TS2304: Cannot find name 'filteredProducts'.
src/pages/Products/ProductsPage.tsx(118,49): error TS2304: Cannot find name 'mockProducts'.
src/pages/Products/ProductsPage.tsx(122,10): error TS2304: Cannot find name 'filteredProducts'.
src/pages/Products/ProductsPage.tsx(124,14): error TS2304: Cannot find name 'filteredProducts'.
src/pages/Products/ProductsPage.tsx(124,36): error TS7006: Parameter 'product' implicitly has an 'any' type.
src/pages/Products/ProductsPage.tsx(155,17): error TS2304: Cannot find name 'setSearchQuery'.
src/pages/Products/ProductsPage.tsx(156,17): error TS2304: Cannot find name 'setSelectedCategory'.
src/pages/Products/ProductsPage.tsx(157,17): error TS2304: Cannot find name 'setSelectedBrand'.
src/pages/Products/ProductsPage.tsx(158,17): error TS2304: Cannot find name 'setPriceRange'.
src/pages/UserDashboard.tsx(1,1): error TS6133: 'React' is declared but its value is never read.
src/pages/Wallet/WalletPage.tsx(1,1): error TS6133: 'React' is declared but its value is never read.
